// Jest Snapshot v1, https://goo.gl/fbAQLP

exports[`render wrong route component should render correctly 1`] = `
<div
  className="wrapper"
>
  <h1>
    This page does not exist
  </h1>
  <LinkButton
    path="/"
    text="Go Home"
  />
</div>
`;
